2026-07-29T08:08:15.855194Z 0 [System] [MY-015015] [Server] MySQL Server - start.
2026-07-29T08:08:16.126490Z 0 [System] [MY-010116] [Server] C:\Program Files\MySQL\MySQL Server 8.4\bin\mysqld.exe (mysqld 8.4.9) starting as process 22008
2026-07-29T08:08:16.156638Z 1 [System] [MY-013576] [InnoDB] InnoDB initialization has started.
2026-07-29T08:08:16.796225Z 1 [System] [MY-013577] [InnoDB] InnoDB initialization has ended.
2026-07-29T08:08:16.898278Z 1 [Warning] [MY-012351] [InnoDB] Tablespace 1, name 'sys/sys_config', file '.\sys\sys_config.ibd' is missing!
2026-07-29T08:08:16.989817Z 0 [System] [MY-010229] [Server] Starting XA crash recovery...
2026-07-29T08:08:17.000241Z 0 [System] [MY-010232] [Server] XA crash recovery finished.
2026-07-29T08:08:17.005145Z 0 [ERROR] [MY-011947] [InnoDB] Cannot open 'C:\Users\vishal6385\Desktop\m g ai\orion--AI\mysql_data\ib_buffer_pool' for reading: No such file or directory
2026-07-29T08:08:17.148813Z 0 [Warning] [MY-010068] [Server] CA certificate ca.pem is self signed.
2026-07-29T08:08:17.149563Z 0 [System] [MY-013602] [Server] Channel mysql_main configured to support TLS. Encrypted connections are now supported for this channel.
2026-07-29T08:08:17.194743Z 0 [System] [MY-011323] [Server] X Plugin ready for connections. Bind-address: '::' port: 33060
2026-07-29T08:08:17.194769Z 0 [System] [MY-010931] [Server] C:\Program Files\MySQL\MySQL Server 8.4\bin\mysqld.exe: ready for connections. Version: '8.4.9'  socket: ''  port: 3306  MySQL Community Server - GPL.
2026-07-29T08:08:43.410614Z 0 [System] [MY-015015] [Server] MySQL Server - start.
2026-07-29T08:08:43.699205Z 0 [System] [MY-010116] [Server] C:\Program Files\MySQL\MySQL Server 8.4\bin\mysqld.exe (mysqld 8.4.9) starting as process 15472
2026-07-29T08:08:43.735967Z 1 [System] [MY-013576] [InnoDB] InnoDB initialization has started.
2026-07-29T08:08:44.652332Z 1 [System] [MY-013577] [InnoDB] InnoDB initialization has ended.
2026-07-29T08:08:44.762995Z 1 [Warning] [MY-012351] [InnoDB] Tablespace 1, name 'sys/sys_config', file '.\sys\sys_config.ibd' is missing!
2026-07-29T08:08:44.839353Z 0 [Warning] [MY-011311] [Server] Plugin mysqlx reported: 'All I/O interfaces are disabled, X Protocol won't be accessible'
2026-07-29T08:08:44.874388Z 0 [System] [MY-010229] [Server] Starting XA crash recovery...
2026-07-29T08:08:44.881707Z 0 [System] [MY-010232] [Server] XA crash recovery finished.
2026-07-29T08:08:44.887173Z 0 [ERROR] [MY-011947] [InnoDB] Cannot open 'C:\Users\vishal6385\Desktop\m g ai\orion--AI\mysql_data\ib_buffer_pool' for reading: No such file or directory
2026-07-29T08:08:44.995109Z 0 [Warning] [MY-010068] [Server] CA certificate ca.pem is self signed.
2026-07-29T08:08:44.995759Z 0 [System] [MY-013602] [Server] Channel mysql_main configured to support TLS. Encrypted connections are now supported for this channel.
2026-07-29T08:08:45.019919Z 0 [System] [MY-010931] [Server] C:\Program Files\MySQL\MySQL Server 8.4\bin\mysqld.exe: ready for connections. Version: '8.4.9'  socket: ''  port: 0  MySQL Community Server - GPL.
2026-07-29T08:08:45.021856Z 0 [ERROR] [MY-010131] [Server] TCP/IP, --shared-memory, or --named-pipe should be configured on NT OS
2026-07-29T08:08:45.022540Z 0 [ERROR] [MY-010119] [Server] Aborting
2026-07-29T08:08:46.140178Z 0 [System] [MY-010910] [Server] C:\Program Files\MySQL\MySQL Server 8.4\bin\mysqld.exe: Shutdown complete (mysqld 8.4.9)  MySQL Community Server - GPL.
2026-07-29T08:08:46.142145Z 0 [System] [MY-015016] [Server] MySQL Server - end.
2026-07-29T08:09:07.356778Z 0 [System] [MY-015015] [Server] MySQL Server - start.
2026-07-29T08:09:07.590336Z 0 [System] [MY-010116] [Server] C:\Program Files\MySQL\MySQL Server 8.4\bin\mysqld.exe (mysqld 8.4.9) starting as process 25220
2026-07-29T08:09:07.633439Z 1 [System] [MY-013576] [InnoDB] InnoDB initialization has started.
2026-07-29T08:09:08.044273Z 1 [System] [MY-013577] [InnoDB] InnoDB initialization has ended.
2026-07-29T08:09:08.150992Z 1 [Warning] [MY-012351] [InnoDB] Tablespace 1, name 'sys/sys_config', file '.\sys\sys_config.ibd' is missing!
2026-07-29T08:09:08.348347Z 0 [Warning] [MY-010068] [Server] CA certificate ca.pem is self signed.
2026-07-29T08:09:08.348829Z 0 [System] [MY-013602] [Server] Channel mysql_main configured to support TLS. Encrypted connections are now supported for this channel.
2026-07-29T08:09:08.384611Z 0 [System] [MY-010931] [Server] C:\Program Files\MySQL\MySQL Server 8.4\bin\mysqld.exe: ready for connections. Version: '8.4.9'  socket: ''  port: 3306  MySQL Community Server - GPL.
2026-07-29T08:09:08.384810Z 0 [System] [MY-011323] [Server] X Plugin ready for connections. Bind-address: '::' port: 33060
